  Determining projects to restore...
  All projects are up-to-date for restore.
  FactoryMonitoringWeb -> D:\Projects\FactoryMonitoring\FactoryMonitoringWeb\bin\Debug\net8.0\FactoryMonitoringWeb.dll
D:\Projects\FactoryMonitoring\tests\FactoryMonitoring.IntegrationTests\LogFileContentLoadTests.cs(2,37): error CS0234: The type or namespace name 'Interfaces' does not exist in the namespace 'FactoryMonitoringWeb.Services' (are you missing an assembly reference?) [D:\Projects\FactoryMonitoring\tests\FactoryMonitoring.IntegrationTests\FactoryMonitoring.IntegrationTests.csproj]

Build FAILED.

D:\Projects\FactoryMonitoring\tests\FactoryMonitoring.IntegrationTests\LogFileContentLoadTests.cs(2,37): error CS0234: The type or namespace name 'Interfaces' does not exist in the namespace 'FactoryMonitoringWeb.Services' (are you missing an assembly reference?) [D:\Projects\FactoryMonitoring\tests\FactoryMonitoring.IntegrationTests\FactoryMonitoring.IntegrationTests.csproj]
    0 Warning(s)
    1 Error(s)

Time Elapsed 00:00:01.61
