  Determining projects to restore...
  All projects are up-to-date for restore.
d:\Projects\FactoryMonitoring\FactoryMonitoringWeb\Controllers\LocalModelController.cs(39,27): warning CS8618: Non-nullable property 'ModelName' must contain a non-null value when exiting constructor. Consider adding the 'required' modifier or declaring the property as nullable. [d:\Projects\FactoryMonitoring\FactoryMonitoringWeb\FactoryMonitoringWeb.csproj]
d:\Projects\FactoryMonitoring\FactoryMonitoringWeb\Controllers\LocalModelController.cs(44,27): warning CS8618: Non-nullable property 'SessionId' must contain a non-null value when exiting constructor. Consider adding the 'required' modifier or declaring the property as nullable. [d:\Projects\FactoryMonitoring\FactoryMonitoringWeb\FactoryMonitoringWeb.csproj]
d:\Projects\FactoryMonitoring\FactoryMonitoringWeb\Controllers\LocalModelController.cs(45,27): warning CS8618: Non-nullable property 'UploadUrl' must contain a non-null value when exiting constructor. Consider adding the 'required' modifier or declaring the property as nullable. [d:\Projects\FactoryMonitoring\FactoryMonitoringWeb\FactoryMonitoringWeb.csproj]
d:\Projects\FactoryMonitoring\FactoryMonitoringWeb\Controllers\LocalModelController.cs(50,27): warning CS8618: Non-nullable property 'Status' must contain a non-null value when exiting constructor. Consider adding the 'required' modifier or declaring the property as nullable. [d:\Projects\FactoryMonitoring\FactoryMonitoringWeb\FactoryMonitoringWeb.csproj]
d:\Projects\FactoryMonitoring\FactoryMonitoringWeb\Controllers\LocalModelController.cs(51,29): warning CS8618: Non-nullable property 'Files' must contain a non-null value when exiting constructor. Consider adding the 'required' modifier or declaring the property as nullable. [d:\Projects\FactoryMonitoring\FactoryMonitoringWeb\FactoryMonitoringWeb.csproj]
d:\Projects\FactoryMonitoring\FactoryMonitoringWeb\Controllers\LocalModelController.cs(56,27): warning CS8618: Non-nullable property 'Content' must contain a non-null value when exiting constructor. Consider adding the 'required' modifier or declaring the property as nullable. [d:\Projects\FactoryMonitoring\FactoryMonitoringWeb\FactoryMonitoringWeb.csproj]
d:\Projects\FactoryMonitoring\FactoryMonitoringWeb\Controllers\LocalModelController.cs(221,39): warning CS8604: Possible null reference argument for parameter 'path' in 'DirectoryInfo Directory.CreateDirectory(string path)'. [d:\Projects\FactoryMonitoring\FactoryMonitoringWeb\FactoryMonitoringWeb.csproj]
d:\Projects\FactoryMonitoring\FactoryMonitoringWeb\Commands\Update\UploadPackageHandler.cs(103,87): warning CS8604: Possible null reference argument for parameter 'item' in 'bool HashSet<string>.Contains(string item)'. [d:\Projects\FactoryMonitoring\FactoryMonitoringWeb\FactoryMonitoringWeb.csproj]
d:\Projects\FactoryMonitoring\FactoryMonitoringWeb\Commands\Update\UploadPackageHandler.cs(110,45): warning CS8619: Nullability of reference types in value of type 'List<string>' doesn't match target type 'List<string?>'. [d:\Projects\FactoryMonitoring\FactoryMonitoringWeb\FactoryMonitoringWeb.csproj]
d:\Projects\FactoryMonitoring\FactoryMonitoringWeb\Commands\Update\UploadPackageHandler.cs(127,69): warning CS8604: Possible null reference argument for parameter 'item' in 'bool HashSet<string>.Contains(string item)'. [d:\Projects\FactoryMonitoring\FactoryMonitoringWeb\FactoryMonitoringWeb.csproj]
d:\Projects\FactoryMonitoring\FactoryMonitoringWeb\Commands\Update\UploadPackageHandler.cs(138,68): warning CS8604: Possible null reference argument for parameter 'item' in 'bool HashSet<string>.Contains(string item)'. [d:\Projects\FactoryMonitoring\FactoryMonitoringWeb\FactoryMonitoringWeb.csproj]
d:\Projects\FactoryMonitoring\FactoryMonitoringWeb\Commands\Update\UploadPackageHandler.cs(137,42): warning CS8619: Nullability of reference types in value of type 'List<string?>' doesn't match target type 'List<string>'. [d:\Projects\FactoryMonitoring\FactoryMonitoringWeb\FactoryMonitoringWeb.csproj]
d:\Projects\FactoryMonitoring\FactoryMonitoringWeb\Commands\Agent\CommandResultHandler.cs(197,58): error CS1061: 'FactoryDbContext' does not contain a definition for 'LAIReleases' and no accessible extension method 'LAIReleases' accepting a first argument of type 'FactoryDbContext' could be found (are you missing a using directive or an assembly reference?) [d:\Projects\FactoryMonitoring\FactoryMonitoringWeb\FactoryMonitoringWeb.csproj]
d:\Projects\FactoryMonitoring\FactoryMonitoringWeb\Commands\Agent\CommandResultHandler.cs(89,74): warning CS8604: Possible null reference argument for parameter 'value' in 'object? JsonConvert.DeserializeObject(string value)'. [d:\Projects\FactoryMonitoring\FactoryMonitoringWeb\FactoryMonitoringWeb.csproj]
d:\Projects\FactoryMonitoring\FactoryMonitoringWeb\Commands\Agent\CommandResultHandler.cs(192,74): warning CS8604: Possible null reference argument for parameter 'value' in 'object? JsonConvert.DeserializeObject(string value)'. [d:\Projects\FactoryMonitoring\FactoryMonitoringWeb\FactoryMonitoringWeb.csproj]
d:\Projects\FactoryMonitoring\FactoryMonitoringWeb\Commands\Agent\CommandResultHandler.cs(207,54): warning CS8602: Dereference of a possibly null reference. [d:\Projects\FactoryMonitoring\FactoryMonitoringWeb\FactoryMonitoringWeb.csproj]
d:\Projects\FactoryMonitoring\FactoryMonitoringWeb\Models\YieldAlert.cs(15,23): warning CS8618: Non-nullable property 'MachineName' must contain a non-null value when exiting constructor. Consider adding the 'required' modifier or declaring the property as nullable. [d:\Projects\FactoryMonitoring\FactoryMonitoringWeb\FactoryMonitoringWeb.csproj]
d:\Projects\FactoryMonitoring\FactoryMonitoringWeb\Services\UpdateSchedulerService.cs(111,39): warning CS8602: Dereference of a possibly null reference. [d:\Projects\FactoryMonitoring\FactoryMonitoringWeb\FactoryMonitoringWeb.csproj]
d:\Projects\FactoryMonitoring\FactoryMonitoringWeb\Services\UpdateSchedulerService.cs(113,29): warning CS8602: Dereference of a possibly null reference. [d:\Projects\FactoryMonitoring\FactoryMonitoringWeb\FactoryMonitoringWeb.csproj]
d:\Projects\FactoryMonitoring\FactoryMonitoringWeb\Models\ShiftSummary.cs(7,23): warning CS8618: Non-nullable property 'ShiftName' must contain a non-null value when exiting constructor. Consider adding the 'required' modifier or declaring the property as nullable. [d:\Projects\FactoryMonitoring\FactoryMonitoringWeb\FactoryMonitoringWeb.csproj]
d:\Projects\FactoryMonitoring\FactoryMonitoringWeb\Models\ShiftSummary.cs(19,29): warning CS8618: Non-nullable property 'DayShift' must contain a non-null value when exiting constructor. Consider adding the 'required' modifier or declaring the property as nullable. [d:\Projects\FactoryMonitoring\FactoryMonitoringWeb\FactoryMonitoringWeb.csproj]
d:\Projects\FactoryMonitoring\FactoryMonitoringWeb\Models\ShiftSummary.cs(20,29): warning CS8618: Non-nullable property 'NightShift' must contain a non-null value when exiting constructor. Consider adding the 'required' modifier or declaring the property as nullable. [d:\Projects\FactoryMonitoring\FactoryMonitoringWeb\FactoryMonitoringWeb.csproj]
d:\Projects\FactoryMonitoring\FactoryMonitoringWeb\Controllers\YieldController.cs(44,27): warning CS8618: Non-nullable property 'TrayId' must contain a non-null value when exiting constructor. Consider adding the 'required' modifier or declaring the property as nullable. [d:\Projects\FactoryMonitoring\FactoryMonitoringWeb\FactoryMonitoringWeb.csproj]
d:\Projects\FactoryMonitoring\FactoryMonitoringWeb\Controllers\ModelLibraryController.cs(258,70): warning CS8602: Dereference of a possibly null reference. [d:\Projects\FactoryMonitoring\FactoryMonitoringWeb\FactoryMonitoringWeb.csproj]
d:\Projects\FactoryMonitoring\FactoryMonitoringWeb\Services\LogService.cs(166,46): warning CS8604: Possible null reference argument for parameter 'LogStructureJson' in 'LogStructureUpdate.LogStructureUpdate(int MCId, string LogStructureJson)'. [d:\Projects\FactoryMonitoring\FactoryMonitoringWeb\FactoryMonitoringWeb.csproj]
d:\Projects\FactoryMonitoring\FactoryMonitoringWeb\Controllers\ModelLibraryController.cs(594,38): warning CS8600: Converting null literal or possible null value to non-nullable type. [d:\Projects\FactoryMonitoring\FactoryMonitoringWeb\FactoryMonitoringWeb.csproj]

Build FAILED.

d:\Projects\FactoryMonitoring\FactoryMonitoringWeb\Controllers\LocalModelController.cs(39,27): warning CS8618: Non-nullable property 'ModelName' must contain a non-null value when exiting constructor. Consider adding the 'required' modifier or declaring the property as nullable. [d:\Projects\FactoryMonitoring\FactoryMonitoringWeb\FactoryMonitoringWeb.csproj]
d:\Projects\FactoryMonitoring\FactoryMonitoringWeb\Controllers\LocalModelController.cs(44,27): warning CS8618: Non-nullable property 'SessionId' must contain a non-null value when exiting constructor. Consider adding the 'required' modifier or declaring the property as nullable. [d:\Projects\FactoryMonitoring\FactoryMonitoringWeb\FactoryMonitoringWeb.csproj]
d:\Projects\FactoryMonitoring\FactoryMonitoringWeb\Controllers\LocalModelController.cs(45,27): warning CS8618: Non-nullable property 'UploadUrl' must contain a non-null value when exiting constructor. Consider adding the 'required' modifier or declaring the property as nullable. [d:\Projects\FactoryMonitoring\FactoryMonitoringWeb\FactoryMonitoringWeb.csproj]
d:\Projects\FactoryMonitoring\FactoryMonitoringWeb\Controllers\LocalModelController.cs(50,27): warning CS8618: Non-nullable property 'Status' must contain a non-null value when exiting constructor. Consider adding the 'required' modifier or declaring the property as nullable. [d:\Projects\FactoryMonitoring\FactoryMonitoringWeb\FactoryMonitoringWeb.csproj]
d:\Projects\FactoryMonitoring\FactoryMonitoringWeb\Controllers\LocalModelController.cs(51,29): warning CS8618: Non-nullable property 'Files' must contain a non-null value when exiting constructor. Consider adding the 'required' modifier or declaring the property as nullable. [d:\Projects\FactoryMonitoring\FactoryMonitoringWeb\FactoryMonitoringWeb.csproj]
d:\Projects\FactoryMonitoring\FactoryMonitoringWeb\Controllers\LocalModelController.cs(56,27): warning CS8618: Non-nullable property 'Content' must contain a non-null value when exiting constructor. Consider adding the 'required' modifier or declaring the property as nullable. [d:\Projects\FactoryMonitoring\FactoryMonitoringWeb\FactoryMonitoringWeb.csproj]
d:\Projects\FactoryMonitoring\FactoryMonitoringWeb\Controllers\LocalModelController.cs(221,39): warning CS8604: Possible null reference argument for parameter 'path' in 'DirectoryInfo Directory.CreateDirectory(string path)'. [d:\Projects\FactoryMonitoring\FactoryMonitoringWeb\FactoryMonitoringWeb.csproj]
d:\Projects\FactoryMonitoring\FactoryMonitoringWeb\Commands\Update\UploadPackageHandler.cs(103,87): warning CS8604: Possible null reference argument for parameter 'item' in 'bool HashSet<string>.Contains(string item)'. [d:\Projects\FactoryMonitoring\FactoryMonitoringWeb\FactoryMonitoringWeb.csproj]
d:\Projects\FactoryMonitoring\FactoryMonitoringWeb\Commands\Update\UploadPackageHandler.cs(110,45): warning CS8619: Nullability of reference types in value of type 'List<string>' doesn't match target type 'List<string?>'. [d:\Projects\FactoryMonitoring\FactoryMonitoringWeb\FactoryMonitoringWeb.csproj]
d:\Projects\FactoryMonitoring\FactoryMonitoringWeb\Commands\Update\UploadPackageHandler.cs(127,69): warning CS8604: Possible null reference argument for parameter 'item' in 'bool HashSet<string>.Contains(string item)'. [d:\Projects\FactoryMonitoring\FactoryMonitoringWeb\FactoryMonitoringWeb.csproj]
d:\Projects\FactoryMonitoring\FactoryMonitoringWeb\Commands\Update\UploadPackageHandler.cs(138,68): warning CS8604: Possible null reference argument for parameter 'item' in 'bool HashSet<string>.Contains(string item)'. [d:\Projects\FactoryMonitoring\FactoryMonitoringWeb\FactoryMonitoringWeb.csproj]
d:\Projects\FactoryMonitoring\FactoryMonitoringWeb\Commands\Update\UploadPackageHandler.cs(137,42): warning CS8619: Nullability of reference types in value of type 'List<string?>' doesn't match target type 'List<string>'. [d:\Projects\FactoryMonitoring\FactoryMonitoringWeb\FactoryMonitoringWeb.csproj]
d:\Projects\FactoryMonitoring\FactoryMonitoringWeb\Commands\Agent\CommandResultHandler.cs(89,74): warning CS8604: Possible null reference argument for parameter 'value' in 'object? JsonConvert.DeserializeObject(string value)'. [d:\Projects\FactoryMonitoring\FactoryMonitoringWeb\FactoryMonitoringWeb.csproj]
d:\Projects\FactoryMonitoring\FactoryMonitoringWeb\Commands\Agent\CommandResultHandler.cs(192,74): warning CS8604: Possible null reference argument for parameter 'value' in 'object? JsonConvert.DeserializeObject(string value)'. [d:\Projects\FactoryMonitoring\FactoryMonitoringWeb\FactoryMonitoringWeb.csproj]
d:\Projects\FactoryMonitoring\FactoryMonitoringWeb\Commands\Agent\CommandResultHandler.cs(207,54): warning CS8602: Dereference of a possibly null reference. [d:\Projects\FactoryMonitoring\FactoryMonitoringWeb\FactoryMonitoringWeb.csproj]
d:\Projects\FactoryMonitoring\FactoryMonitoringWeb\Models\YieldAlert.cs(15,23): warning CS8618: Non-nullable property 'MachineName' must contain a non-null value when exiting constructor. Consider adding the 'required' modifier or declaring the property as nullable. [d:\Projects\FactoryMonitoring\FactoryMonitoringWeb\FactoryMonitoringWeb.csproj]
d:\Projects\FactoryMonitoring\FactoryMonitoringWeb\Services\UpdateSchedulerService.cs(111,39): warning CS8602: Dereference of a possibly null reference. [d:\Projects\FactoryMonitoring\FactoryMonitoringWeb\FactoryMonitoringWeb.csproj]
d:\Projects\FactoryMonitoring\FactoryMonitoringWeb\Services\UpdateSchedulerService.cs(113,29): warning CS8602: Dereference of a possibly null reference. [d:\Projects\FactoryMonitoring\FactoryMonitoringWeb\FactoryMonitoringWeb.csproj]
d:\Projects\FactoryMonitoring\FactoryMonitoringWeb\Models\ShiftSummary.cs(7,23): warning CS8618: Non-nullable property 'ShiftName' must contain a non-null value when exiting constructor. Consider adding the 'required' modifier or declaring the property as nullable. [d:\Projects\FactoryMonitoring\FactoryMonitoringWeb\FactoryMonitoringWeb.csproj]
d:\Projects\FactoryMonitoring\FactoryMonitoringWeb\Models\ShiftSummary.cs(19,29): warning CS8618: Non-nullable property 'DayShift' must contain a non-null value when exiting constructor. Consider adding the 'required' modifier or declaring the property as nullable. [d:\Projects\FactoryMonitoring\FactoryMonitoringWeb\FactoryMonitoringWeb.csproj]
d:\Projects\FactoryMonitoring\FactoryMonitoringWeb\Models\ShiftSummary.cs(20,29): warning CS8618: Non-nullable property 'NightShift' must contain a non-null value when exiting constructor. Consider adding the 'required' modifier or declaring the property as nullable. [d:\Projects\FactoryMonitoring\FactoryMonitoringWeb\FactoryMonitoringWeb.csproj]
d:\Projects\FactoryMonitoring\FactoryMonitoringWeb\Controllers\YieldController.cs(44,27): warning CS8618: Non-nullable property 'TrayId' must contain a non-null value when exiting constructor. Consider adding the 'required' modifier or declaring the property as nullable. [d:\Projects\FactoryMonitoring\FactoryMonitoringWeb\FactoryMonitoringWeb.csproj]
d:\Projects\FactoryMonitoring\FactoryMonitoringWeb\Controllers\ModelLibraryController.cs(258,70): warning CS8602: Dereference of a possibly null reference. [d:\Projects\FactoryMonitoring\FactoryMonitoringWeb\FactoryMonitoringWeb.csproj]
d:\Projects\FactoryMonitoring\FactoryMonitoringWeb\Services\LogService.cs(166,46): warning CS8604: Possible null reference argument for parameter 'LogStructureJson' in 'LogStructureUpdate.LogStructureUpdate(int MCId, string LogStructureJson)'. [d:\Projects\FactoryMonitoring\FactoryMonitoringWeb\FactoryMonitoringWeb.csproj]
d:\Projects\FactoryMonitoring\FactoryMonitoringWeb\Controllers\ModelLibraryController.cs(594,38): warning CS8600: Converting null literal or possible null value to non-nullable type. [d:\Projects\FactoryMonitoring\FactoryMonitoringWeb\FactoryMonitoringWeb.csproj]
d:\Projects\FactoryMonitoring\FactoryMonitoringWeb\Commands\Agent\CommandResultHandler.cs(197,58): error CS1061: 'FactoryDbContext' does not contain a definition for 'LAIReleases' and no accessible extension method 'LAIReleases' accepting a first argument of type 'FactoryDbContext' could be found (are you missing a using directive or an assembly reference?) [d:\Projects\FactoryMonitoring\FactoryMonitoringWeb\FactoryMonitoringWeb.csproj]
    25 Warning(s)
    1 Error(s)

Time Elapsed 00:00:01.76
